#-----------------------------------------------------------
# Vivado v2024.1 (64-bit)
# SW Build 5076996 on Wed May 22 18:36:09 MDT 2024
# IP Build 5075265 on Wed May 22 21:45:21 MDT 2024
# SharedData Build 5076995 on Wed May 22 18:29:18 MDT 2024
# Start of session at: Wed Oct 30 19:12:10 2024
# Process ID: 190912
# Current directory: /home/y26054md/Questa/COMP12111/synthesis/Traffic_Light_Board
# Command line: vivado -mode batch -source ../generated_build_Traffic_Light_Board.tcl
# Log file: /home/y26054md/Questa/COMP12111/synthesis/Traffic_Light_Board/vivado.log
# Journal file: /home/y26054md/Questa/COMP12111/synthesis/Traffic_Light_Board/vivado.jou
# Running On        :e-c10kilf1607
# Platform          :Ubuntu
# Operating System  :Ubuntu 22.04.5 LTS
# Processor Detail  :Intel(R) Core(TM) i7-8700 CPU @ 3.20GHz
# CPU Frequency     :3200.000 MHz
# CPU Physical cores:6
# CPU Logical cores :12
# Host memory       :33477 MB
# Swap memory       :8589 MB
# Total Virtual     :42067 MB
# Available Virtual :39706 MB
#-----------------------------------------------------------
source ../generated_build_Traffic_Light_Board.tcl
